linked list:
-> 1
-> 2
-> 3
-> 4
-> 5
-> 6
-> 7
-> 8
-> 9
pop
 -> 9
 -> 8
-> 1
-> 2
-> 3
-> 4
-> 5
-> 6
-> 7
array list:
-> 1
-> 2
-> 3
-> 4
-> 5
-> 6
-> 7
-> 8
-> 9
pop
 -> 9
 -> 8
-> 1
-> 2
-> 3
-> 4
-> 5
-> 6
-> 7
