Opcode 'adc' with addressing mode am=0, rs_is_width=0, prefix=0, found: 63
