string_hash:
hash of 'lda' is 19649
hash of 'inx' is 19295
hash of 'nmos_illegal_nobcd' is -1638109073
hash of '65802' is 1668873
hash of '65k_w' is 1678172
hash of 'abcdefghijklmnopqrstuvwxyz0123456789' is 1200935488
hash of '@€_äÖas#*?^↓µ' is 1226992911
