tokenizer:
tokenizing line: label1 lda #$10
TOK -> type=2, len=6, ptr=label1 lda #$10
TOK -> type=2, len=3, ptr=lda #$10
TOK -> type=3, len=1, ptr=#$10
TOK -> type=5, len=2, ptr=10
END -> type=7
tokenizing line: label2: lda <xyz ; comment
TOK -> type=2, len=6, ptr=label2: lda <xyz ; comment
TOK -> type=3, len=1, ptr=: lda <xyz ; comment
TOK -> type=2, len=3, ptr=lda <xyz ; comment
TOK -> type=3, len=1, ptr=<xyz ; comment
TOK -> type=2, len=3, ptr=xyz ; comment
TOK -> type=3, len=1, ptr=; comment
TOK -> type=2, len=7, ptr=comment
END -> type=7
tokenizing line: dec 0125
TOK -> type=2, len=3, ptr=dec 0125
TOK -> type=5, len=4, ptr=0125
END -> type=7
tokenizing line: dec 0128
TOK -> type=2, len=3, ptr=dec 0128
END -> type=6
tokenizing line: inc 0x12df
TOK -> type=2, len=3, ptr=inc 0x12df
TOK -> type=5, len=4, ptr=12df
END -> type=7
tokenizing line: inc $1234f
TOK -> type=2, len=3, ptr=inc $1234f
TOK -> type=5, len=5, ptr=1234f
END -> type=7
tokenizing line: .byt 'xsd&'
TOK -> type=3, len=1, ptr=.byt 'xsd&'
TOK -> type=2, len=3, ptr=byt 'xsd&'
TOK -> type=4, len=6, ptr='xsd&'
END -> type=7
tokenizing line: .asc "dsdd'
TOK -> type=3, len=1, ptr=.asc "dsdd'
TOK -> type=2, len=3, ptr=asc "dsdd'
TOK -> type=4, len=6, ptr="dsdd'
END -> type=7
tokenizing line: .asc "dsA€"
TOK -> type=3, len=1, ptr=.asc "dsA€"
TOK -> type=2, len=3, ptr=asc "dsA€"
TOK -> type=4, len=8, ptr="dsA€"
END -> type=7
